16:14:17.493 > PING
16:14:17.503 < PONG
16:14:18.327 > STOP
16:14:18.333 < ACK,STOP
16:14:18.335 < EVT,SAFE
16:14:18.847 > ADCS_MODE,MANUAL
16:14:18.857 < ACK,ADCS_MODE,MANUAL
16:14:18.866 < TM,ADCS_MODE,MANUAL,ADCS_REFERENCE,SUN,TARGET,0.00,KP,2.000,KD,0.500,MOMENTUM_BIAS,40,DEADBAND,2.00,MAX_RW_COMMAND,80,CONTROL_SIGN,1.0
16:14:19.299 > ADCS_STRATEGY,REACTION
16:14:19.310 < ACK,ADCS_STRATEGY,REACTION
16:14:19.312 < TM,RW_CMD,0,RW_BIAS,0,RW_STATE,STOPPED
16:14:31.260 ? พร้อมเริ่มไหม -> y
16:14:31.263 > RW,20
16:14:31.277 < ACK,RW,20.0
16:14:31.280 < TM,RW_CMD,20,RW_BIAS,0,RW_STATE,REACTION_DRIVE
16:14:47.931 ? ล้อหมุนทิศไหน พิมพ์ ทวน หรือ ตาม (เข็มนาฬิกา) หรือ ไม่หมุน -> ไม่หมุน
16:14:51.813 ? ตัวแท่นหมุนทิศไหน (ทวน/ตาม/ไม่ขยับ) -> ไม่ขยับ
16:14:51.815 > STOP
16:14:51.821 < ACK,STOP
16:14:51.823 < EVT,SAFE
16:14:55.179 > RW,-20
16:14:55.189 < ACK,RW,-20.0
16:14:55.192 < TM,RW_CMD,-20,RW_BIAS,0,RW_STATE,REACTION_DRIVE
16:15:01.728 ? ล้อหมุนทิศไหน (ทวน/ตาม/ไม่หมุน) -> ไม่หมุน
16:15:01.730 > STOP
16:15:01.736 < ACK,STOP
16:15:01.738 < EVT,SAFE
16:15:05.101 > RW,5
16:15:05.111 < ACK,RW,5.0
16:15:05.113 < TM,RW_CMD,5,RW_BIAS,0,RW_STATE,REACTION_DRIVE
16:15:12.928 ? ที่ +5 % ล้อออกตัวหมุนเองไหม -> n
16:15:12.930 > STOP
16:15:12.936 < ACK,STOP
16:15:12.938 < EVT,SAFE
16:15:16.298 > RW,10
16:15:16.309 < ACK,RW,10.0
16:15:16.311 < TM,RW_CMD,10,RW_BIAS,0,RW_STATE,REACTION_DRIVE
16:15:32.090 ? ที่ +10 % ล้อออกตัวหมุนเองไหม -> n
16:15:32.092 > STOP
16:15:32.098 < ACK,STOP
16:15:32.100 < EVT,SAFE
16:15:35.461 > RW,15
16:15:35.472 < ACK,RW,15.0
16:15:35.475 < TM,RW_CMD,15,RW_BIAS,0,RW_STATE,REACTION_DRIVE
16:15:40.745 ? ที่ +15 % ล้อออกตัวหมุนเองไหม -> n
16:15:40.748 > STOP
16:15:40.753 < ACK,STOP
16:15:40.756 < EVT,SAFE
16:15:44.113 > RW,20
16:15:44.123 < ACK,RW,20.0
16:15:44.125 < TM,RW_CMD,20,RW_BIAS,0,RW_STATE,REACTION_DRIVE
16:15:48.369 ? ที่ +20 % ล้อออกตัวหมุนเองไหม -> n
16:15:48.372 > STOP
16:15:48.378 < ACK,STOP
16:15:48.380 < EVT,SAFE
16:15:51.728 > RW,25
16:15:51.739 < ACK,RW,25.0
16:15:51.741 < TM,RW_CMD,25,RW_BIAS,0,RW_STATE,REACTION_DRIVE
16:15:56.217 ? ที่ +25 % ล้อออกตัวหมุนเองไหม -> n
16:15:56.219 > STOP
16:15:56.225 < ACK,STOP
16:15:56.227 < EVT,SAFE
16:15:59.578 > RW,30
16:15:59.588 < ACK,RW,30.0
16:15:59.592 < TM,RW_CMD,30,RW_BIAS,0,RW_STATE,REACTION_DRIVE
16:16:03.529 ? ที่ +30 % ล้อออกตัวหมุนเองไหม -> n
16:16:03.531 > STOP
16:16:03.538 < ACK,STOP
16:16:03.539 < EVT,SAFE
16:16:06.893 > RW,35
16:16:06.903 < ACK,RW,35.0
16:16:06.907 < TM,RW_CMD,35,RW_BIAS,0,RW_STATE,REACTION_DRIVE
16:16:11.625 ? ที่ +35 % ล้อออกตัวหมุนเองไหม -> n
16:16:11.627 > STOP
16:16:11.633 < ACK,STOP
16:16:11.635 < EVT,SAFE
16:16:14.987 > RW,40
16:16:14.997 < ACK,RW,40.0
16:16:14.999 < TM,RW_CMD,40,RW_BIAS,0,RW_STATE,REACTION_DRIVE
16:16:18.709 ? ที่ +40 % ล้อออกตัวหมุนเองไหม -> n
16:16:18.711 > STOP
16:16:18.717 < ACK,STOP
16:16:18.719 < EVT,SAFE
16:16:22.069 > RW,40
16:16:22.079 < ACK,RW,40.0
16:16:22.081 < TM,RW_CMD,40,RW_BIAS,0,RW_STATE,REACTION_DRIVE
16:16:25.124 > RW,35
16:16:25.134 < ACK,RW,35.0
16:16:25.136 < TM,RW_CMD,35,RW_BIAS,0,RW_STATE,REACTION_DRIVE
16:16:34.032 ? ที่ +35 % ล้อยังหมุนต่อเนื่อง ไม่สะดุดไหม -> n
16:16:34.035 > STOP
16:16:34.041 < ACK,STOP
16:16:34.043 < EVT,SAFE
16:16:37.398 > RW,-5
16:16:37.409 < ACK,RW,-5.0
16:16:37.411 < TM,RW_CMD,-5,RW_BIAS,0,RW_STATE,REACTION_DRIVE
16:16:42.193 ? ที่ −5 % ล้อออกตัวหมุนเองไหม -> n
16:16:42.195 > STOP
16:16:42.201 < ACK,STOP
16:16:42.203 < EVT,SAFE
16:16:45.556 > RW,-10
16:16:45.567 < ACK,RW,-10.0
16:16:45.569 < TM,RW_CMD,-10,RW_BIAS,0,RW_STATE,REACTION_DRIVE
16:16:49.280 ? ที่ −10 % ล้อออกตัวหมุนเองไหม -> n
16:16:49.283 > STOP
16:16:49.288 < ACK,STOP
16:16:49.290 < EVT,SAFE
16:16:52.656 > RW,-15
16:16:52.667 < ACK,RW,-15.0
16:16:52.669 < TM,RW_CMD,-15,RW_BIAS,0,RW_STATE,REACTION_DRIVE
16:16:56.389 ? ที่ −15 % ล้อออกตัวหมุนเองไหม -> n
16:16:56.392 > STOP
16:16:56.398 < ACK,STOP
16:16:56.400 < EVT,SAFE
16:16:59.751 > RW,-20
16:16:59.762 < ACK,RW,-20.0
16:16:59.764 < TM,RW_CMD,-20,RW_BIAS,0,RW_STATE,REACTION_DRIVE
16:17:04.017 ? ที่ −20 % ล้อออกตัวหมุนเองไหม -> n
16:17:04.019 > STOP
16:17:04.025 < ACK,STOP
16:17:04.027 < EVT,SAFE
16:17:07.382 > RW,-25
16:17:07.393 < ACK,RW,-25.0
16:17:07.394 < TM,RW_CMD,-25,RW_BIAS,0,RW_STATE,REACTION_DRIVE
16:17:11.106 ? ที่ −25 % ล้อออกตัวหมุนเองไหม -> n
16:17:11.108 > STOP
16:17:11.114 < ACK,STOP
16:17:11.116 < EVT,SAFE
16:17:14.477 > RW,-30
16:17:14.487 < ACK,RW,-30.0
16:17:14.489 < TM,RW_CMD,-30,RW_BIAS,0,RW_STATE,REACTION_DRIVE
16:17:18.078 ? ที่ −30 % ล้อออกตัวหมุนเองไหม -> n
16:17:18.081 > STOP
16:17:18.087 < ACK,STOP
16:17:18.089 < EVT,SAFE
16:17:21.436 > RW,-35
16:17:21.446 < ACK,RW,-35.0
16:17:21.448 < TM,RW_CMD,-35,RW_BIAS,0,RW_STATE,REACTION_DRIVE
16:17:25.156 ? ที่ −35 % ล้อออกตัวหมุนเองไหม -> n
16:17:25.158 > STOP
16:17:25.164 < ACK,STOP
16:17:25.168 < EVT,SAFE
16:17:28.528 > RW,-40
16:17:28.540 < ACK,RW,-40.0
16:17:28.543 < TM,RW_CMD,-40,RW_BIAS,0,RW_STATE,REACTION_DRIVE
16:17:32.339 ? ที่ −40 % ล้อออกตัวหมุนเองไหม -> n
16:17:32.341 > STOP
16:17:32.347 < ACK,STOP
16:17:32.349 < EVT,SAFE
16:17:35.714 > RW,-40
16:17:35.725 < ACK,RW,-40.0
16:17:35.727 < TM,RW_CMD,-40,RW_BIAS,0,RW_STATE,REACTION_DRIVE
16:17:38.764 > RW,-35
16:17:38.775 < ACK,RW,-35.0
16:17:38.778 < TM,RW_CMD,-35,RW_BIAS,0,RW_STATE,REACTION_DRIVE
16:17:42.489 ? ที่ −35 % ล้อยังหมุนต่อเนื่อง ไม่สะดุดไหม -> n
16:17:42.492 > STOP
16:17:42.498 < ACK,STOP
16:17:42.499 < EVT,SAFE
