16:25:19.815 > PING
16:25:19.826 < PONG
16:25:20.651 > STOP
16:25:20.657 < ACK,STOP
16:25:20.659 < EVT,SAFE
16:25:21.174 > ADCS_MODE,MANUAL
16:25:21.184 < ACK,ADCS_MODE,MANUAL
16:25:21.194 < TM,ADCS_MODE,MANUAL,ADCS_REFERENCE,SUN,TARGET,0.00,KP,2.000,KD,0.500,MOMENTUM_BIAS,40,DEADBAND,2.00,MAX_RW_COMMAND,80,CONTROL_SIGN,1.0
16:25:21.630 > ADCS_STRATEGY,REACTION
16:25:21.641 < ACK,ADCS_STRATEGY,REACTION
16:25:21.645 < TM,RW_CMD,0,RW_BIAS,0,RW_STATE,STOPPED
16:25:27.056 ? พร้อมเริ่มไหม -> y
16:25:27.060 > RW,20
16:25:27.073 < ACK,RW,20.0
16:25:27.077 < TM,RW_CMD,20,RW_BIAS,0,RW_STATE,REACTION_DRIVE
16:25:37.161 ? ล้อหมุนทิศไหน พิมพ์ ทวน หรือ ตาม (เข็มนาฬิกา) หรือ ไม่หมุน -> ไม่หมุน
16:25:41.714 ? ตัวแท่นหมุนทิศไหน (ทวน/ตาม/ไม่ขยับ) -> ไม่ขยับ
16:25:41.716 > STOP
16:25:41.722 < ACK,STOP
16:25:41.724 < EVT,SAFE
16:25:45.074 > RW,-20
16:25:45.085 < ACK,RW,-20.0
16:25:45.087 < TM,RW_CMD,-20,RW_BIAS,0,RW_STATE,REACTION_DRIVE
16:25:52.140 ? ล้อหมุนทิศไหน (ทวน/ตาม/ไม่หมุน) -> ไม่หมุน
16:25:52.142 > STOP
16:25:52.148 < ACK,STOP
16:25:52.150 < EVT,SAFE
16:25:55.509 > RW,5
16:25:55.519 < ACK,RW,5.0
16:25:55.521 < TM,RW_CMD,5,RW_BIAS,0,RW_STATE,REACTION_DRIVE
16:26:00.349 ? ที่ +5 % ล้อออกตัวหมุนเองไหม -> n
16:26:00.351 > STOP
16:26:00.357 < ACK,STOP
16:26:00.359 < EVT,SAFE
16:26:03.711 > RW,10
16:26:03.722 < ACK,RW,10.0
16:26:03.724 < TM,RW_CMD,10,RW_BIAS,0,RW_STATE,REACTION_DRIVE
16:26:07.737 ? ที่ +10 % ล้อออกตัวหมุนเองไหม -> n
16:26:07.740 > STOP
16:26:07.746 < ACK,STOP
16:26:07.748 < EVT,SAFE
16:26:11.097 > RW,15
16:26:11.108 < ACK,RW,15.0
16:26:11.110 < TM,RW_CMD,15,RW_BIAS,0,RW_STATE,REACTION_DRIVE
16:26:15.562 ? ที่ +15 % ล้อออกตัวหมุนเองไหม -> n
16:26:15.564 > STOP
16:26:15.570 < ACK,STOP
16:26:15.572 < EVT,SAFE
16:26:18.930 > RW,20
16:26:18.940 < ACK,RW,20.0
16:26:18.944 < TM,RW_CMD,20,RW_BIAS,0,RW_STATE,REACTION_DRIVE
16:26:22.883 ? ที่ +20 % ล้อออกตัวหมุนเองไหม -> n
16:26:22.885 > STOP
16:26:22.891 < ACK,STOP
16:26:22.893 < EVT,SAFE
16:26:26.241 > RW,25
16:26:26.252 < ACK,RW,25.0
16:26:26.254 < TM,RW_CMD,25,RW_BIAS,0,RW_STATE,REACTION_DRIVE
16:26:30.343 ? ที่ +25 % ล้อออกตัวหมุนเองไหม -> n
16:26:30.345 > STOP
16:26:30.351 < ACK,STOP
16:26:30.353 < EVT,SAFE
16:26:33.712 > RW,30
16:26:33.722 < ACK,RW,30.0
16:26:33.724 < TM,RW_CMD,30,RW_BIAS,0,RW_STATE,REACTION_DRIVE
16:26:37.446 ? ที่ +30 % ล้อออกตัวหมุนเองไหม -> n
16:26:37.449 > STOP
16:26:37.455 < ACK,STOP
16:26:37.457 < EVT,SAFE
16:26:40.813 > RW,35
16:26:40.824 < ACK,RW,35.0
16:26:40.826 < TM,RW_CMD,35,RW_BIAS,0,RW_STATE,REACTION_DRIVE
16:26:45.356 ? ที่ +35 % ล้อออกตัวหมุนเองไหม -> n
16:26:45.358 > STOP
16:26:45.364 < ACK,STOP
16:26:45.366 < EVT,SAFE
16:26:48.714 > RW,40
16:26:48.725 < ACK,RW,40.0
16:26:48.727 < TM,RW_CMD,40,RW_BIAS,0,RW_STATE,REACTION_DRIVE
