16:50:22.569 > PING
16:50:22.580 < PONG
16:50:23.405 > STOP
16:50:23.411 < ACK,STOP
16:50:23.413 < EVT,SAFE
16:50:23.913 > ADCS_MODE,MANUAL
16:50:23.924 < ACK,ADCS_MODE,MANUAL
16:50:23.933 < TM,ADCS_MODE,MANUAL,ADCS_REFERENCE,SUN,TARGET,0.00,KP,2.000,KD,0.500,MOMENTUM_BIAS,40,DEADBAND,2.00,MAX_RW_COMMAND,80,CONTROL_SIGN,1.0
16:50:24.370 > ADCS_STRATEGY,REACTION
16:50:24.381 < ACK,ADCS_STRATEGY,REACTION
16:50:24.384 < TM,RW_CMD,0,RW_BIAS,0,RW_STATE,STOPPED
16:50:28.234 ? พร้อมเริ่มไหม -> y
16:50:28.237 > RW,20
16:50:28.251 < ACK,RW,20.0
16:50:28.253 < TM,RW_CMD,20,RW_BIAS,0,RW_STATE,REACTION_DRIVE
16:50:33.856 ? ล้อหมุนทิศไหน พิมพ์ ทวน หรือ ตาม (เข็มนาฬิกา) หรือ ไม่หมุน -> ไม่หมุน
16:50:38.739 ? ตัวแท่นหมุนทิศไหน (ทวน/ตาม/ไม่ขยับ) -> ไม่ขยับ
16:50:38.742 > STOP
16:50:38.748 < ACK,STOP
16:50:38.749 < EVT,SAFE
16:50:42.098 > RW,-20
16:50:42.109 < ACK,RW,-20.0
16:50:42.112 < TM,RW_CMD,-20,RW_BIAS,0,RW_STATE,REACTION_DRIVE
16:51:02.847 ? ล้อหมุนทิศไหน (ทวน/ตาม/ไม่หมุน) -> n
16:51:02.849 > STOP
16:51:02.855 < ACK,STOP
16:51:02.857 < EVT,SAFE
16:51:06.223 > RW,10
16:51:06.233 < ACK,RW,10.0
16:51:06.236 < TM,RW_CMD,10,RW_BIAS,0,RW_STATE,REACTION_DRIVE
16:51:11.257 ? ที่ +10 % ล้อออกตัวหมุนเองไหม -> n
16:51:11.259 > STOP
16:51:11.265 < ACK,STOP
16:51:11.266 < EVT,SAFE
16:51:14.614 > RW,15
16:51:14.624 < ACK,RW,15.0
16:51:14.626 < TM,RW_CMD,15,RW_BIAS,0,RW_STATE,REACTION_DRIVE
16:51:18.470 ? ที่ +15 % ล้อออกตัวหมุนเองไหม -> n
16:51:18.472 > STOP
16:51:18.478 < ACK,STOP
16:51:18.480 < EVT,SAFE
16:51:21.830 > RW,20
16:51:21.841 < ACK,RW,20.0
16:51:21.844 < TM,RW_CMD,20,RW_BIAS,0,RW_STATE,REACTION_DRIVE
16:51:26.086 ? ที่ +20 % ล้อออกตัวหมุนเองไหม -> n
16:51:26.088 > STOP
16:51:26.095 < ACK,STOP
16:51:26.103 < EVT,SAFE
16:51:29.466 > RW,25
16:51:29.477 < ACK,RW,25.0
16:51:29.480 < TM,RW_CMD,25,RW_BIAS,0,RW_STATE,REACTION_DRIVE
