16:44:12.850 > PING
16:44:12.862 < PONG
16:44:13.691 > STOP
16:44:13.697 < ACK,STOP
16:44:13.700 < EVT,SAFE
16:44:14.215 > ADCS_MODE,MANUAL
16:44:14.224 < ACK,ADCS_MODE,MANUAL
16:44:14.235 < TM,ADCS_MODE,MANUAL,ADCS_REFERENCE,SUN,TARGET,0.00,KP,2.000,KD,0.500,MOMENTUM_BIAS,40,DEADBAND,2.00,MAX_RW_COMMAND,80,CONTROL_SIGN,1.0
16:44:14.671 > ADCS_STRATEGY,REACTION
16:44:14.681 < ACK,ADCS_STRATEGY,REACTION
16:44:14.682 < TM,RW_CMD,0,RW_BIAS,0,RW_STATE,STOPPED
16:44:15.870 ? พร้อมเริ่มไหม -> y
16:44:15.877 > RW,20
16:44:15.887 < ACK,RW,20.0
16:44:15.889 < TM,RW_CMD,20,RW_BIAS,0,RW_STATE,REACTION_DRIVE
16:44:21.466 ? ล้อหมุนทิศไหน พิมพ์ ทวน หรือ ตาม (เข็มนาฬิกา) หรือ ไม่หมุน -> ไม่หมุน
16:44:25.661 ? ตัวแท่นหมุนทิศไหน (ทวน/ตาม/ไม่ขยับ) -> ไม่ขยับ
16:44:25.664 > STOP
16:44:25.669 < ACK,STOP
16:44:25.671 < EVT,SAFE
16:44:29.025 > RW,-20
16:44:29.036 < ACK,RW,-20.0
16:44:29.039 < TM,RW_CMD,-20,RW_BIAS,0,RW_STATE,REACTION_DRIVE
16:44:32.896 ? ล้อหมุนทิศไหน (ทวน/ตาม/ไม่หมุน) -> n
16:44:32.899 > STOP
16:44:32.905 < ACK,STOP
16:44:32.907 < EVT,SAFE
16:44:36.250 > RW,10
16:44:36.261 < ACK,RW,10.0
16:44:36.263 < TM,RW_CMD,10,RW_BIAS,0,RW_STATE,REACTION_DRIVE
16:44:40.287 ? ที่ +10 % ล้อออกตัวหมุนเองไหม -> n
16:44:40.289 > STOP
16:44:40.295 < ACK,STOP
16:44:40.297 < EVT,SAFE
16:44:43.658 > RW,15
16:44:43.669 < ACK,RW,15.0
16:44:43.671 < TM,RW_CMD,15,RW_BIAS,0,RW_STATE,REACTION_DRIVE
16:44:47.718 ? ที่ +15 % ล้อออกตัวหมุนเองไหม -> n
16:44:47.720 > STOP
16:44:47.726 < ACK,STOP
16:44:47.728 < EVT,SAFE
16:44:51.081 > RW,20
16:44:51.092 < ACK,RW,20.0
16:44:51.095 < TM,RW_CMD,20,RW_BIAS,0,RW_STATE,REACTION_DRIVE
16:44:54.928 ? ที่ +20 % ล้อออกตัวหมุนเองไหม -> n
16:44:54.930 > STOP
16:44:54.937 < ACK,STOP
16:44:54.939 < EVT,SAFE
16:44:58.297 > RW,25
16:44:58.308 < ACK,RW,25.0
16:44:58.310 < TM,RW_CMD,25,RW_BIAS,0,RW_STATE,REACTION_DRIVE
16:45:02.105 ? ที่ +25 % ล้อออกตัวหมุนเองไหม -> n
16:45:02.107 > STOP
16:45:02.113 < ACK,STOP
16:45:02.115 < EVT,SAFE
16:45:05.475 > RW,30
16:45:05.486 < ACK,RW,30.0
16:45:05.488 < TM,RW_CMD,30,RW_BIAS,0,RW_STATE,REACTION_DRIVE
