16:39:48.576 > PING
16:39:48.587 < PONG
16:39:49.411 > STOP
16:39:49.417 < ACK,STOP
16:39:49.419 < EVT,SAFE
16:39:49.918 > ADCS_MODE,MANUAL
16:39:49.928 < ACK,ADCS_MODE,MANUAL
16:39:49.938 < TM,ADCS_MODE,MANUAL,ADCS_REFERENCE,SUN,TARGET,0.00,KP,2.000,KD,0.500,MOMENTUM_BIAS,40,DEADBAND,2.00,MAX_RW_COMMAND,80,CONTROL_SIGN,1.0
16:39:50.376 > ADCS_STRATEGY,REACTION
16:39:50.388 < ACK,ADCS_STRATEGY,REACTION
16:39:50.390 < TM,RW_CMD,0,RW_BIAS,0,RW_STATE,STOPPED
16:39:53.172 ? พร้อมเริ่มไหม -> y
16:39:53.176 > RW,20
16:39:53.189 < ACK,RW,20.0
16:39:53.192 < TM,RW_CMD,20,RW_BIAS,0,RW_STATE,REACTION_DRIVE
16:39:59.826 ? ล้อหมุนทิศไหน พิมพ์ ทวน หรือ ตาม (เข็มนาฬิกา) หรือ ไม่หมุน -> ไม่หมุน
16:40:03.517 ? ตัวแท่นหมุนทิศไหน (ทวน/ตาม/ไม่ขยับ) -> ไม่ขยับ
16:40:03.520 > STOP
16:40:03.525 < ACK,STOP
16:40:03.527 < EVT,SAFE
16:40:06.884 > RW,-20
16:40:06.894 < ACK,RW,-20.0
16:40:06.897 < TM,RW_CMD,-20,RW_BIAS,0,RW_STATE,REACTION_DRIVE
16:40:12.181 ? ล้อหมุนทิศไหน (ทวน/ตาม/ไม่หมุน) -> ไม่หมุน
16:40:12.183 > STOP
16:40:12.189 < ACK,STOP
16:40:12.191 < EVT,SAFE
16:40:15.556 > RW,5
16:40:15.566 < ACK,RW,5.0
16:40:15.568 < TM,RW_CMD,5,RW_BIAS,0,RW_STATE,REACTION_DRIVE
16:40:19.507 ? ที่ +5 % ล้อออกตัวหมุนเองไหม -> n
16:40:19.509 > STOP
16:40:19.515 < ACK,STOP
16:40:19.517 < EVT,SAFE
16:40:22.872 > RW,10
16:40:22.882 < ACK,RW,10.0
16:40:22.884 < TM,RW_CMD,10,RW_BIAS,0,RW_STATE,REACTION_DRIVE
16:40:26.667 ? ที่ +10 % ล้อออกตัวหมุนเองไหม -> n
16:40:26.669 > STOP
16:40:26.675 < ACK,STOP
16:40:26.678 < EVT,SAFE
16:40:30.034 > RW,15
16:40:30.045 < ACK,RW,15.0
16:40:30.047 < TM,RW_CMD,15,RW_BIAS,0,RW_STATE,REACTION_DRIVE
16:40:33.838 ? ที่ +15 % ล้อออกตัวหมุนเองไหม -> n
16:40:33.840 > STOP
16:40:33.847 < ACK,STOP
16:40:33.849 < EVT,SAFE
16:40:37.204 > RW,20
16:40:37.214 < ACK,RW,20.0
16:40:37.217 < TM,RW_CMD,20,RW_BIAS,0,RW_STATE,REACTION_DRIVE
16:40:41.168 ? ที่ +20 % ล้อออกตัวหมุนเองไหม -> n
16:40:41.170 > STOP
16:40:41.176 < ACK,STOP
16:40:41.178 < EVT,SAFE
16:40:44.533 > RW,25
16:40:44.543 < ACK,RW,25.0
16:40:44.545 < TM,RW_CMD,25,RW_BIAS,0,RW_STATE,REACTION_DRIVE
16:40:48.998 ? ที่ +25 % ล้อออกตัวหมุนเองไหม -> n
16:40:49.001 > STOP
16:40:49.007 < ACK,STOP
16:40:49.009 < EVT,SAFE
16:40:52.367 > RW,30
16:40:52.377 < ACK,RW,30.0
16:40:52.379 < TM,RW_CMD,30,RW_BIAS,0,RW_STATE,REACTION_DRIVE
16:40:56.048 ? ที่ +30 % ล้อออกตัวหมุนเองไหม -> n
16:40:56.051 > STOP
16:40:56.057 < ACK,STOP
16:40:56.059 < EVT,SAFE
16:40:59.405 > RW,35
16:40:59.415 < ACK,RW,35.0
16:40:59.418 < TM,RW_CMD,35,RW_BIAS,0,RW_STATE,REACTION_DRIVE
