16:52:13.161 > PING
16:52:13.171 < PONG
16:52:13.999 > STOP
16:52:14.005 < ACK,STOP
16:52:14.007 < EVT,SAFE
16:52:14.521 > ADCS_MODE,MANUAL
16:52:14.530 < ACK,ADCS_MODE,MANUAL
16:52:14.540 < TM,ADCS_MODE,MANUAL,ADCS_REFERENCE,SUN,TARGET,0.00,KP,2.000,KD,0.500,MOMENTUM_BIAS,40,DEADBAND,2.00,MAX_RW_COMMAND,80,CONTROL_SIGN,1.0
16:52:14.976 > ADCS_STRATEGY,REACTION
16:52:14.987 < ACK,ADCS_STRATEGY,REACTION
16:52:14.989 < TM,RW_CMD,0,RW_BIAS,0,RW_STATE,STOPPED
16:52:17.155 ? พร้อมเริ่มไหม -> y
16:52:17.158 > RW,20
16:52:17.171 < ACK,RW,20.0
16:52:17.173 < TM,RW_CMD,20,RW_BIAS,0,RW_STATE,REACTION_DRIVE
16:52:22.970 ? ล้อหมุนทิศไหน พิมพ์ ทวน หรือ ตาม (เข็มนาฬิกา) หรือ ไม่หมุน -> ไม่หมุน
16:52:24.698 ? ตัวแท่นหมุนทิศไหน (ทวน/ตาม/ไม่ขยับ) -> ไม่ขยับ
16:52:24.701 > STOP
16:52:24.707 < ACK,STOP
16:52:24.708 < EVT,SAFE
16:52:28.071 > RW,-20
16:52:28.082 < ACK,RW,-20.0
16:52:28.084 < TM,RW_CMD,-20,RW_BIAS,0,RW_STATE,REACTION_DRIVE
16:52:33.813 ? ล้อหมุนทิศไหน (ทวน/ตาม/ไม่หมุน) -> ไม่หมุน
16:52:33.815 > STOP
16:52:33.821 < ACK,STOP
16:52:33.823 < EVT,SAFE
16:52:37.183 > RW,10
16:52:37.194 < ACK,RW,10.0
16:52:37.197 < TM,RW_CMD,10,RW_BIAS,0,RW_STATE,REACTION_DRIVE
16:52:42.437 ? ที่ +10 % ล้อออกตัวหมุนเองไหม -> n
16:52:42.439 > STOP
16:52:42.445 < ACK,STOP
16:52:42.447 < EVT,SAFE
16:52:45.798 > RW,15
16:52:45.808 < ACK,RW,15.0
16:52:45.811 < TM,RW_CMD,15,RW_BIAS,0,RW_STATE,REACTION_DRIVE
16:52:51.853 ? ที่ +15 % ล้อออกตัวหมุนเองไหม -> n
16:52:51.855 > STOP
16:52:51.862 < ACK,STOP
16:52:51.864 < EVT,SAFE
16:52:55.211 > RW,20
16:52:55.222 < ACK,RW,20.0
16:52:55.225 < TM,RW_CMD,20,RW_BIAS,0,RW_STATE,REACTION_DRIVE
16:52:59.018 ? ที่ +20 % ล้อออกตัวหมุนเองไหม -> n
16:52:59.020 > STOP
16:52:59.026 < ACK,STOP
16:52:59.028 < EVT,SAFE
16:53:02.376 > RW,25
16:53:02.386 < ACK,RW,25.0
16:53:02.388 < TM,RW_CMD,25,RW_BIAS,0,RW_STATE,REACTION_DRIVE
16:53:07.402 ? ที่ +25 % ล้อออกตัวหมุนเองไหม -> n
16:53:07.404 > STOP
16:53:07.410 < ACK,STOP
16:53:07.412 < EVT,SAFE
16:53:10.767 > RW,30
16:53:10.777 < ACK,RW,30.0
16:53:10.780 < TM,RW_CMD,30,RW_BIAS,0,RW_STATE,REACTION_DRIVE
16:53:15.714 ? ที่ +30 % ล้อออกตัวหมุนเองไหม -> n
16:53:15.717 > STOP
16:53:15.723 < ACK,STOP
16:53:15.725 < EVT,SAFE
16:53:19.087 > RW,35
16:53:19.098 < ACK,RW,35.0
16:53:19.101 < TM,RW_CMD,35,RW_BIAS,0,RW_STATE,REACTION_DRIVE
16:53:40.252 ? ที่ +35 % ล้อออกตัวหมุนเองไหม -> y
16:53:40.254 > STOP
16:53:40.260 < ACK,STOP
16:53:40.261 < EVT,SAFE
16:53:43.620 > RW,35
16:53:43.630 < ACK,RW,35.0
16:53:43.632 < TM,RW_CMD,35,RW_BIAS,0,RW_STATE,REACTION_DRIVE
