16:38:43.840 > PING
16:38:43.851 < PONG
16:38:44.676 > STOP
16:38:44.682 < ACK,STOP
16:38:44.684 < EVT,SAFE
16:38:45.198 > ADCS_MODE,MANUAL
16:38:45.208 < ACK,ADCS_MODE,MANUAL
16:38:45.217 < TM,ADCS_MODE,MANUAL,ADCS_REFERENCE,SUN,TARGET,0.00,KP,2.000,KD,0.500,MOMENTUM_BIAS,40,DEADBAND,2.00,MAX_RW_COMMAND,80,CONTROL_SIGN,1.0
16:38:45.656 > ADCS_STRATEGY,REACTION
16:38:45.666 < ACK,ADCS_STRATEGY,REACTION
16:38:45.669 < TM,RW_CMD,0,RW_BIAS,0,RW_STATE,STOPPED
16:38:49.296 ? พร้อมเริ่มไหม -> y
16:38:49.300 > RW,20
16:38:49.313 < ACK,RW,20.0
16:38:49.316 < TM,RW_CMD,20,RW_BIAS,0,RW_STATE,REACTION_DRIVE
16:38:58.026 ? ล้อหมุนทิศไหน พิมพ์ ทวน หรือ ตาม (เข็มนาฬิกา) หรือ ไม่หมุน -> ไม่หมุน
16:39:01.919 ? ตัวแท่นหมุนทิศไหน (ทวน/ตาม/ไม่ขยับ) -> ไม่ขยับ
16:39:01.921 > STOP
16:39:01.927 < ACK,STOP
16:39:01.929 < EVT,SAFE
16:39:05.289 > RW,-20
16:39:05.300 < ACK,RW,-20.0
16:39:05.302 < TM,RW_CMD,-20,RW_BIAS,0,RW_STATE,REACTION_DRIVE
16:39:15.035 ? ล้อหมุนทิศไหน (ทวน/ตาม/ไม่หมุน) -> ไม่หมุน
16:39:15.037 > STOP
16:39:15.043 < ACK,STOP
16:39:15.045 < EVT,SAFE
16:39:18.412 > RW,5
16:39:18.422 < ACK,RW,5.0
16:39:18.425 < TM,RW_CMD,5,RW_BIAS,0,RW_STATE,REACTION_DRIVE
