16:54:06.058 > PING
16:54:06.070 < PONG
16:54:06.896 > STOP
16:54:06.903 < ACK,STOP
16:54:06.904 < EVT,SAFE
16:54:07.418 > ADCS_MODE,MANUAL
16:54:07.427 < ACK,ADCS_MODE,MANUAL
16:54:07.437 < TM,ADCS_MODE,MANUAL,ADCS_REFERENCE,SUN,TARGET,0.00,KP,2.000,KD,0.500,MOMENTUM_BIAS,40,DEADBAND,2.00,MAX_RW_COMMAND,80,CONTROL_SIGN,1.0
16:54:07.876 > ADCS_STRATEGY,REACTION
16:54:07.886 < ACK,ADCS_STRATEGY,REACTION
16:54:07.888 < TM,RW_CMD,0,RW_BIAS,0,RW_STATE,STOPPED
16:54:11.039 ? พร้อมเริ่มไหม -> y
16:54:11.042 > RW,20
16:54:11.055 < ACK,RW,20.0
16:54:11.057 < TM,RW_CMD,20,RW_BIAS,0,RW_STATE,REACTION_DRIVE
16:54:48.145 ? ล้อหมุนทิศไหน พิมพ์ ทวน หรือ ตาม (เข็มนาฬิกา) หรือ ไม่หมุน -> ทวน
16:55:14.466 ? ตัวแท่นหมุนทิศไหน (ทวน/ตาม/ไม่ขยับ) -> ไม่
16:55:14.469 > STOP
16:55:14.474 < ACK,STOP
16:55:14.476 < EVT,SAFE
16:55:17.840 > RW,-20
16:55:17.851 < ACK,RW,-20.0
16:55:17.853 < TM,RW_CMD,-20,RW_BIAS,0,RW_STATE,REACTION_DRIVE
16:55:25.847 ? ล้อหมุนทิศไหน (ทวน/ตาม/ไม่หมุน) -> ตาม
16:55:25.849 > STOP
16:55:25.855 < ACK,STOP
16:55:25.857 < EVT,SAFE
16:55:29.218 > RW,10
16:55:29.229 < ACK,RW,10.0
16:55:29.231 < TM,RW_CMD,10,RW_BIAS,0,RW_STATE,REACTION_DRIVE
16:55:37.995 ? ที่ +10 % ล้อออกตัวหมุนเองไหม -> y
16:55:37.997 > STOP
16:55:38.003 < ACK,STOP
16:55:38.005 < EVT,SAFE
16:55:41.363 > RW,10
16:55:41.374 < ACK,RW,10.0
16:55:41.376 < TM,RW_CMD,10,RW_BIAS,0,RW_STATE,REACTION_DRIVE
16:55:46.977 ? ลองซ้ำที่ +10 % ออกตัวอีกไหม -> y
16:55:46.979 > STOP
16:55:46.985 < ACK,STOP
16:55:46.987 < EVT,SAFE
16:55:50.340 > RW,60
16:55:50.350 < ACK,RW,60.0
16:55:50.354 < TM,RW_CMD,60,RW_BIAS,0,RW_STATE,REACTION_DRIVE
16:55:53.393 > RW,55
16:55:53.404 < ACK,RW,55.0
16:55:53.407 < TM,RW_CMD,55,RW_BIAS,0,RW_STATE,REACTION_DRIVE
16:55:57.889 ? ที่ +55 % ล้อยังหมุนต่อเนื่อง ไม่สะดุดไหม -> y
16:55:57.892 > RW,50
16:55:57.902 < ACK,RW,50.0
16:55:57.905 < TM,RW_CMD,50,RW_BIAS,0,RW_STATE,REACTION_DRIVE
16:56:05.517 ? ที่ +50 % ล้อยังหมุนต่อเนื่อง ไม่สะดุดไหม -> y
16:56:05.519 > RW,45
16:56:05.529 < ACK,RW,45.0
16:56:05.532 < TM,RW_CMD,45,RW_BIAS,0,RW_STATE,REACTION_DRIVE
16:56:12.113 ? ที่ +45 % ล้อยังหมุนต่อเนื่อง ไม่สะดุดไหม -> y
16:56:12.116 > RW,40
16:56:12.126 < ACK,RW,40.0
16:56:12.128 < TM,RW_CMD,40,RW_BIAS,0,RW_STATE,REACTION_DRIVE
16:56:18.344 ? ที่ +40 % ล้อยังหมุนต่อเนื่อง ไม่สะดุดไหม -> y
16:56:18.347 > RW,35
16:56:18.357 < ACK,RW,35.0
16:56:18.360 < TM,RW_CMD,35,RW_BIAS,0,RW_STATE,REACTION_DRIVE
16:56:24.743 ? ที่ +35 % ล้อยังหมุนต่อเนื่อง ไม่สะดุดไหม -> y
16:56:24.746 > RW,30
16:56:24.756 < ACK,RW,30.0
16:56:24.759 < TM,RW_CMD,30,RW_BIAS,0,RW_STATE,REACTION_DRIVE
16:56:30.418 ? ที่ +30 % ล้อยังหมุนต่อเนื่อง ไม่สะดุดไหม -> y
16:56:30.420 > RW,25
16:56:30.431 < ACK,RW,25.0
16:56:30.433 < TM,RW_CMD,25,RW_BIAS,0,RW_STATE,REACTION_DRIVE
16:56:37.102 ? ที่ +25 % ล้อยังหมุนต่อเนื่อง ไม่สะดุดไหม -> y
16:56:37.104 > RW,20
16:56:37.114 < ACK,RW,20.0
16:56:37.116 < TM,RW_CMD,20,RW_BIAS,0,RW_STATE,REACTION_DRIVE
16:56:43.848 ? ที่ +20 % ล้อยังหมุนต่อเนื่อง ไม่สะดุดไหม -> y
16:56:43.850 > RW,15
16:56:43.860 < ACK,RW,15.0
16:56:43.862 < TM,RW_CMD,15,RW_BIAS,0,RW_STATE,REACTION_DRIVE
16:56:50.654 ? ที่ +15 % ล้อยังหมุนต่อเนื่อง ไม่สะดุดไหม -> y
16:56:50.656 > RW,10
16:56:50.666 < ACK,RW,10.0
16:56:50.668 < TM,RW_CMD,10,RW_BIAS,0,RW_STATE,REACTION_DRIVE
16:56:57.583 ? ที่ +10 % ล้อยังหมุนต่อเนื่อง ไม่สะดุดไหม -> y
16:56:57.586 > RW,5
16:56:57.596 < ACK,RW,5.0
16:56:57.598 < TM,RW_CMD,5,RW_BIAS,0,RW_STATE,REACTION_DRIVE
16:57:04.369 ? ที่ +5 % ล้อยังหมุนต่อเนื่อง ไม่สะดุดไหม -> y
16:57:04.372 > STOP
16:57:04.378 < ACK,STOP
16:57:04.380 < EVT,SAFE
16:57:07.742 > RW,-10
16:57:07.752 < ACK,RW,-10.0
16:57:07.754 < TM,RW_CMD,-10,RW_BIAS,0,RW_STATE,REACTION_DRIVE
16:57:14.472 ? ที่ −10 % ล้อออกตัวหมุนเองไหม -> y
16:57:14.474 > STOP
16:57:14.480 < ACK,STOP
16:57:14.483 < EVT,SAFE
16:57:17.856 > RW,-10
16:57:17.866 < ACK,RW,-10.0
16:57:17.868 < TM,RW_CMD,-10,RW_BIAS,0,RW_STATE,REACTION_DRIVE
16:57:24.450 ? ลองซ้ำที่ −10 % ออกตัวอีกไหม -> y
16:57:24.454 > STOP
16:57:24.460 < ACK,STOP
16:57:24.462 < EVT,SAFE
16:57:27.809 > RW,-60
16:57:27.819 < ACK,RW,-60.0
16:57:27.822 < TM,RW_CMD,-60,RW_BIAS,0,RW_STATE,REACTION_DRIVE
16:57:30.859 > RW,-55
16:57:30.870 < ACK,RW,-55.0
16:57:30.872 < TM,RW_CMD,-55,RW_BIAS,0,RW_STATE,REACTION_DRIVE
16:57:38.525 ? ที่ −55 % ล้อยังหมุนต่อเนื่อง ไม่สะดุดไหม -> y
16:57:38.527 > RW,-50
16:57:38.538 < ACK,RW,-50.0
16:57:38.540 < TM,RW_CMD,-50,RW_BIAS,0,RW_STATE,REACTION_DRIVE
16:57:42.420 ? ที่ −50 % ล้อยังหมุนต่อเนื่อง ไม่สะดุดไหม -> y
16:57:42.423 > RW,-45
16:57:42.433 < ACK,RW,-45.0
16:57:42.435 < TM,RW_CMD,-45,RW_BIAS,0,RW_STATE,REACTION_DRIVE
16:57:49.639 ? ที่ −45 % ล้อยังหมุนต่อเนื่อง ไม่สะดุดไหม -> y
16:57:49.641 > RW,-40
16:57:49.652 < ACK,RW,-40.0
16:57:49.655 < TM,RW_CMD,-40,RW_BIAS,0,RW_STATE,REACTION_DRIVE
16:57:54.315 ? ที่ −40 % ล้อยังหมุนต่อเนื่อง ไม่สะดุดไหม -> y
16:57:54.317 > RW,-35
16:57:54.328 < ACK,RW,-35.0
16:57:54.330 < TM,RW_CMD,-35,RW_BIAS,0,RW_STATE,REACTION_DRIVE
16:57:59.402 ? ที่ −35 % ล้อยังหมุนต่อเนื่อง ไม่สะดุดไหม -> y
16:57:59.404 > RW,-30
16:57:59.415 < ACK,RW,-30.0
16:57:59.418 < TM,RW_CMD,-30,RW_BIAS,0,RW_STATE,REACTION_DRIVE
16:58:03.707 ? ที่ −30 % ล้อยังหมุนต่อเนื่อง ไม่สะดุดไหม -> y
16:58:03.709 > RW,-25
16:58:03.719 < ACK,RW,-25.0
16:58:03.721 < TM,RW_CMD,-25,RW_BIAS,0,RW_STATE,REACTION_DRIVE
16:58:07.998 ? ที่ −25 % ล้อยังหมุนต่อเนื่อง ไม่สะดุดไหม -> y
16:58:08.000 > RW,-20
16:58:08.010 < ACK,RW,-20.0
16:58:08.012 < TM,RW_CMD,-20,RW_BIAS,0,RW_STATE,REACTION_DRIVE
16:58:13.051 ? ที่ −20 % ล้อยังหมุนต่อเนื่อง ไม่สะดุดไหม -> y
16:58:13.053 > RW,-15
16:58:13.064 < ACK,RW,-15.0
16:58:13.066 < TM,RW_CMD,-15,RW_BIAS,0,RW_STATE,REACTION_DRIVE
16:58:16.941 ? ที่ −15 % ล้อยังหมุนต่อเนื่อง ไม่สะดุดไหม -> y
16:58:16.943 > RW,-10
16:58:16.953 < ACK,RW,-10.0
16:58:16.955 < TM,RW_CMD,-10,RW_BIAS,0,RW_STATE,REACTION_DRIVE
16:58:37.730 ? ที่ −10 % ล้อยังหมุนต่อเนื่อง ไม่สะดุดไหม -> y
16:58:37.732 > RW,-5
16:58:37.743 < ACK,RW,-5.0
16:58:37.744 < TM,RW_CMD,-5,RW_BIAS,0,RW_STATE,REACTION_DRIVE
16:58:41.839 ? ที่ −5 % ล้อยังหมุนต่อเนื่อง ไม่สะดุดไหม -> y
16:58:41.841 > STOP
16:58:41.847 < ACK,STOP
16:58:41.849 < EVT,SAFE
16:58:45.206 > RW,20
16:58:45.216 < ACK,RW,20.0
16:58:45.218 < TM,RW_CMD,20,RW_BIAS,0,RW_STATE,REACTION_DRIVE
16:58:52.852 ? ที่ 20 % เร็วขึ้นชัดเจนจากขั้นก่อนไหม -> y
16:58:56.904 ? ที่ 20 % สั่น/มีเสียงผิดปกติไหม -> n
16:58:56.906 > RW,30
16:58:56.917 < ACK,RW,30.0
16:58:56.919 < TM,RW_CMD,30,RW_BIAS,0,RW_STATE,REACTION_DRIVE
16:59:07.798 ? ที่ 30 % เร็วขึ้นชัดเจนจากขั้นก่อนไหม -> y
16:59:08.735 ? ที่ 30 % สั่น/มีเสียงผิดปกติไหม -> n
16:59:08.737 > RW,40
16:59:08.747 < ACK,RW,40.0
16:59:08.751 < TM,RW_CMD,40,RW_BIAS,0,RW_STATE,REACTION_DRIVE
16:59:12.936 ? ที่ 40 % เร็วขึ้นชัดเจนจากขั้นก่อนไหม -> y
16:59:13.705 ? ที่ 40 % สั่น/มีเสียงผิดปกติไหม -> n
16:59:18.538 ? ไปต่อที่ 50 % ไหม (ถ้ามีสั่นแรงตอบ n) -> y
16:59:18.540 > RW,50
16:59:18.550 < ACK,RW,50.0
16:59:18.552 < TM,RW_CMD,50,RW_BIAS,0,RW_STATE,REACTION_DRIVE
16:59:23.283 ? ที่ 50 % เร็วขึ้นชัดเจนจากขั้นก่อนไหม -> y
16:59:24.311 ? ที่ 50 % สั่น/มีเสียงผิดปกติไหม -> n
16:59:26.680 ? ไปต่อที่ 60 % ไหม (ถ้ามีสั่นแรงตอบ n) -> y
16:59:26.683 > RW,60
16:59:26.692 < ACK,RW,60.0
16:59:26.694 < TM,RW_CMD,60,RW_BIAS,0,RW_STATE,REACTION_DRIVE
16:59:32.063 ? ที่ 60 % เร็วขึ้นชัดเจนจากขั้นก่อนไหม -> y
16:59:33.844 ? ที่ 60 % สั่น/มีเสียงผิดปกติไหม -> n
16:59:34.781 ? ไปต่อที่ 70 % ไหม (ถ้ามีสั่นแรงตอบ n) -> y
16:59:34.783 > RW,70
16:59:34.793 < ACK,RW,70.0
16:59:34.795 < TM,RW_CMD,70,RW_BIAS,0,RW_STATE,REACTION_DRIVE
16:59:40.634 ? ที่ 70 % เร็วขึ้นชัดเจนจากขั้นก่อนไหม -> y
16:59:42.997 ? ที่ 70 % สั่น/มีเสียงผิดปกติไหม -> n
16:59:44.038 ? ไปต่อที่ 80 % ไหม (ถ้ามีสั่นแรงตอบ n) -> y
16:59:44.040 > RW,80
16:59:44.050 < ACK,RW,80.0
16:59:44.053 < TM,RW_CMD,80,RW_BIAS,0,RW_STATE,REACTION_DRIVE
16:59:47.923 ? ที่ 80 % เร็วขึ้นชัดเจนจากขั้นก่อนไหม -> y
16:59:49.472 ? ที่ 80 % สั่น/มีเสียงผิดปกติไหม -> n
16:59:49.475 > STOP
16:59:49.481 < ACK,STOP
16:59:49.482 < EVT,SAFE
16:59:52.832 > RW,30
16:59:52.843 < ACK,RW,30.0
16:59:52.847 < TM,RW_CMD,30,RW_BIAS,0,RW_STATE,REACTION_DRIVE
16:59:56.894 > RW,-30
16:59:56.904 < ACK,RW,-30.0
16:59:56.907 < TM,RW_CMD,-30,RW_BIAS,0,RW_STATE,REACTION_DRIVE
17:00:18.938 ? ล้อกลับทิศทันทีไหม / ช้าลงก่อนแล้วค่อยกลับ / แท่นสะบัดไหม (พิมพ์สั้น ๆ) -> กลับทิส ไม่สะบัด ค่อยๆช้าลงเพราะล้อยังไม่หยุดตอนสั้งกลับทิศ
17:00:18.941 > RW,30
17:00:18.951 < ACK,RW,30.0
17:00:18.953 < TM,RW_CMD,30,RW_BIAS,0,RW_STATE,REACTION_DRIVE
17:00:21.488 > STOP
17:00:21.495 < ACK,STOP
17:00:21.496 < EVT,SAFE
17:00:38.956 ? ล้อหยุด (ค่อย ๆ หมุนฟรีจนหยุด) ไหม -> y
17:00:38.958 > STATUS
17:00:38.966 < ACK,STATUS
17:00:38.971 < TM,SAT_ID,SUNSEEK-NasaPakSoi,BLE,DISCONNECTED,ADCS_MODE,MANUAL,ADCS_STRATEGY,REACTION
17:00:38.983 < TM,ADCS_MODE,MANUAL,ADCS_REFERENCE,SUN,TARGET,0.00,KP,2.000,KD,0.500,MOMENTUM_BIAS,40,DEADBAND,2.00,MAX_RW_COMMAND,80,CONTROL_SIGN,1.0
17:00:38.988 < TM,RW_CMD,0,RW_BIAS,0,RW_STATE,STOPPED
17:00:38.990 < TM,SENSOR_ACCEL,NOT_DETECTED
17:00:38.993 < TM,SENSOR_MAG,NOT_DETECTED
17:00:38.995 < TM,SENSOR_GYRO,NOT_DETECTED
17:00:38.999 < TM,SENSOR_BARO,NOT_DETECTED
17:00:39.001 < TM,SENSOR_SUN,READY
17:00:39.010 < TM,ESTIMATOR,STANDARD,EST_FILTER,ON,EST_FILTER_TYPE,MOVING_AVERAGE,EST_MA_WINDOW,10,EST_FILTER_STRENGTH,0.35,EST_FUSION,ON,EST_GYRO_WEIGHT,0.98
17:00:39.021 < TM,ADCS_MODE,MANUAL,ADCS_REFERENCE,SUN,TARGET,0.00,POINTING_ERROR,0.00,SUN_ERROR,0.00,MAG_ERROR,0.00,GYRO_Z,0.000,RW_CMD,0
17:00:39.032 < TM,EST_RAW,0.00,EST_FILTERED,0.00,EST_ANGLE,0.00,EST_FILTER,ON,EST_FILTER_TYPE,MOVING_AVERAGE,EST_MA_WINDOW,10,EST_FILTER_STRENGTH,0.35
17:00:39.037 < TM,EST_FUSION,ON,EST_GYRO_WEIGHT,0.98,EST_VALID,0
