17:04:08.143 > PING
17:04:08.154 < PONG
17:04:08.986 > STOP
17:04:08.992 < ACK,STOP
17:04:08.994 < EVT,SAFE
17:04:09.512 > ADCS_MODE,MANUAL
17:04:09.521 < ACK,ADCS_MODE,MANUAL
17:04:09.531 < TM,ADCS_MODE,MANUAL,ADCS_REFERENCE,SUN,TARGET,0.00,KP,2.000,KD,0.500,MOMENTUM_BIAS,40,DEADBAND,2.00,MAX_RW_COMMAND,80,CONTROL_SIGN,1.0
17:04:09.968 > ADCS_STRATEGY,REACTION
17:04:09.979 < ACK,ADCS_STRATEGY,REACTION
17:04:09.981 < TM,RW_CMD,0,RW_BIAS,0,RW_STATE,STOPPED
17:04:14.796 ? พร้อมเริ่มไหม -> y
17:04:14.800 > RW,20
17:04:14.813 < ACK,RW,20.0
17:04:14.815 < TM,RW_CMD,20,RW_BIAS,0,RW_STATE,REACTION_DRIVE
17:04:37.648 ? ล้อหมุนทิศไหน พิมพ์ ทวน หรือ ตาม (เข็มนาฬิกา) หรือ ไม่หมุน -> ทวน
17:04:41.938 ? ตัวแท่นหมุนทิศไหน (ทวน/ตาม/ไม่ขยับ) -> ไม่
17:04:41.940 > STOP
17:04:41.946 < ACK,STOP
17:04:41.948 < EVT,SAFE
17:04:45.310 > RW,-20
17:04:45.320 < ACK,RW,-20.0
17:04:45.322 < TM,RW_CMD,-20,RW_BIAS,0,RW_STATE,REACTION_DRIVE
17:04:55.796 ? ล้อหมุนทิศไหน (ทวน/ตาม/ไม่หมุน) -> ตาม
17:04:55.798 > STOP
17:04:55.804 < ACK,STOP
17:04:55.806 < EVT,SAFE
17:04:59.170 > RW,10
17:04:59.180 < ACK,RW,10.0
17:04:59.182 < TM,RW_CMD,10,RW_BIAS,0,RW_STATE,REACTION_DRIVE
17:05:07.316 ? ที่ +10 % ล้อออกตัวหมุนเองไหม -> y
17:05:07.319 > STOP
17:05:07.325 < ACK,STOP
17:05:07.327 < EVT,SAFE
17:05:10.680 > RW,10
17:05:10.690 < ACK,RW,10.0
17:05:10.693 < TM,RW_CMD,10,RW_BIAS,0,RW_STATE,REACTION_DRIVE
17:05:17.020 ? ลองซ้ำที่ +10 % ออกตัวอีกไหม -> y
17:05:17.023 > STOP
17:05:17.029 < ACK,STOP
17:05:17.031 < EVT,SAFE
17:05:20.384 > RW,60
17:05:20.394 < ACK,RW,60.0
17:05:20.397 < TM,RW_CMD,60,RW_BIAS,0,RW_STATE,REACTION_DRIVE
17:05:23.437 > RW,55
17:05:23.447 < ACK,RW,55.0
17:05:23.450 < TM,RW_CMD,55,RW_BIAS,0,RW_STATE,REACTION_DRIVE
17:05:32.347 ? ที่ +55 % ล้อยังหมุนต่อเนื่อง ไม่สะดุดไหม -> y
17:05:32.350 > RW,50
17:05:32.360 < ACK,RW,50.0
17:05:32.363 < TM,RW_CMD,50,RW_BIAS,0,RW_STATE,REACTION_DRIVE
17:05:44.541 ? ที่ +50 % ล้อยังหมุนต่อเนื่อง ไม่สะดุดไหม -> y
17:05:44.543 > RW,45
17:05:44.553 < ACK,RW,45.0
17:05:44.556 < TM,RW_CMD,45,RW_BIAS,0,RW_STATE,REACTION_DRIVE
17:05:51.739 ? ที่ +45 % ล้อยังหมุนต่อเนื่อง ไม่สะดุดไหม -> y
17:05:51.741 > RW,40
17:05:51.751 < ACK,RW,40.0
17:05:51.754 < TM,RW_CMD,40,RW_BIAS,0,RW_STATE,REACTION_DRIVE
17:05:59.517 ? ที่ +40 % ล้อยังหมุนต่อเนื่อง ไม่สะดุดไหม -> y
17:05:59.519 > RW,35
17:05:59.529 < ACK,RW,35.0
17:05:59.531 < TM,RW_CMD,35,RW_BIAS,0,RW_STATE,REACTION_DRIVE
17:06:04.296 ? ที่ +35 % ล้อยังหมุนต่อเนื่อง ไม่สะดุดไหม -> y
17:06:04.299 > RW,30
17:06:04.309 < ACK,RW,30.0
17:06:04.311 < TM,RW_CMD,30,RW_BIAS,0,RW_STATE,REACTION_DRIVE
17:06:11.591 ? ที่ +30 % ล้อยังหมุนต่อเนื่อง ไม่สะดุดไหม -> y
17:06:11.594 > RW,25
17:06:11.604 < ACK,RW,25.0
17:06:11.607 < TM,RW_CMD,25,RW_BIAS,0,RW_STATE,REACTION_DRIVE
17:06:27.319 ? ที่ +25 % ล้อยังหมุนต่อเนื่อง ไม่สะดุดไหม -> y
17:06:27.322 > RW,20
17:06:27.332 < ACK,RW,20.0
17:06:27.335 < TM,RW_CMD,20,RW_BIAS,0,RW_STATE,REACTION_DRIVE
17:06:36.642 ? ที่ +20 % ล้อยังหมุนต่อเนื่อง ไม่สะดุดไหม -> y
17:06:36.644 > RW,15
17:06:36.655 < ACK,RW,15.0
17:06:36.657 < TM,RW_CMD,15,RW_BIAS,0,RW_STATE,REACTION_DRIVE
17:06:41.571 ? ที่ +15 % ล้อยังหมุนต่อเนื่อง ไม่สะดุดไหม -> y
17:06:41.573 > RW,10
17:06:41.584 < ACK,RW,10.0
17:06:41.586 < TM,RW_CMD,10,RW_BIAS,0,RW_STATE,REACTION_DRIVE
